// Jest Snapshot v1, https://goo.gl/fbAQLP

exports[`renders correctly 1`] = `
<View
  style={
    {
      "alignItems": "center",
      "backgroundColor": "#F5FCFF",
      "flex": 1,
      "justifyContent": "center",
    }
  }
>
  <View>
    <RCTVideo
      src={
        {
          "cropEnd": undefined,
          "cropStart": 0,
          "drm": undefined,
          "isAsset": false,
          "isNetwork": false,
          "mainVer": 0,
          "metadata": undefined,
          "patchVer": 0,
          "requestHeaders": [],
          "shouldCache": false,
          "startPosition": -1,
          "textTracksAllowChunklessPreparation": undefined,
          "type": "",
          "uri": "background",
        }
      }
      style={
        {
          "bottom": 0,
          "left": 0,
          "position": "absolute",
          "right": 0,
          "top": 0,
        }
      }
      viewType={1}
    />
  </View>
  <Text
    style={
      {
        "fontSize": 20,
        "margin": 10,
        "textAlign": "center",
      }
    }
  >
    Welcome to React Native!
  </Text>
  <Text
    style={
      {
        "color": "#333333",
        "marginBottom": 5,
        "textAlign": "center",
      }
    }
  >
    This is a React Native snapshot test.
  </Text>
</View>
`;
