// Jest Snapshot v1, https://goo.gl/fbAQLP

exports[`renders correctly 1`] = `
<View
  style={
    {
      "backgroundColor": "#f0f0f0",
      "flex": 1,
      "padding": 10,
    }
  }
>
  <TextInput
    autoCapitalize="words"
    autoCorrect={true}
    onChangeText={[Function]}
    placeholder="Please type Your Task Name"
    style={
      {
        "backgroundColor": "#fff",
        "borderColor": "plum",
        "borderRadius": 10,
        "borderWidth": 2,
        "marginVertical": 10,
        "padding": 16,
      }
    }
    value=""
  />
  <View
    accessibilityRole="button"
    accessibilityState={
      {
        "busy": undefined,
        "checked": undefined,
        "disabled": undefined,
        "expanded": undefined,
        "selected": undefined,
      }
    }
    accessibilityValue={
      {
        "max": undefined,
        "min": undefined,
        "now": undefined,
        "text": undefined,
      }
    }
    accessible={true}
    collapsable={false}
    focusable={true}
    onClick={[Function]}
    onResponderGrant={[Function]}
    onResponderMove={[Function]}
    onResponderRelease={[Function]}
    onResponderTerminate={[Function]}
    onResponderTerminationRequest={[Function]}
    onStartShouldSetResponder={[Function]}
    style={
      {
        "opacity": 1,
      }
    }
  >
    <View
      style={
        [
          {},
        ]
      }
    >
      <Text
        style={
          [
            {
              "color": "#007AFF",
              "fontSize": 18,
              "margin": 8,
              "textAlign": "center",
            },
          ]
        }
      >
        Add Task
      </Text>
    </View>
  </View>
  <Text
    style={
      {
        "fontSize": 18,
        "fontWeight": "bold",
        "marginVertical": 10,
      }
    }
  >
    Your Tasks Using Class Component
  </Text>
  <RCTScrollView
    data={
      [
        {
          "completed": false,
          "id": 0,
          "task": "work",
        },
        {
          "completed": false,
          "id": 1,
          "task": "study",
        },
        {
          "completed": false,
          "id": 2,
          "task": "play",
        },
        {
          "completed": false,
          "id": 3,
          "task": "sleep",
        },
      ]
    }
    getItem={[Function]}
    getItemCount={[Function]}
    keyExtractor={[Function]}
    onContentSizeChange={[Function]}
    onLayout={[Function]}
    onMomentumScrollBegin={[Function]}
    onMomentumScrollEnd={[Function]}
    onScroll={[Function]}
    onScrollBeginDrag={[Function]}
    onScrollEndDrag={[Function]}
    removeClippedSubviews={false}
    renderItem={[Function]}
    scrollEventThrottle={0.0001}
    stickyHeaderIndices={[]}
    viewabilityConfigCallbackPairs={[]}
  >
    <View>
      <View
        onFocusCapture={[Function]}
        onLayout={[Function]}
        style={null}
      >
        <View
          style={
            {
              "alignItems": "center",
              "backgroundColor": "#fff",
              "borderColor": "#ddd",
              "borderRadius": 8,
              "borderWidth": 1,
              "flexDirection": "row",
              "justifyContent": "space-between",
              "marginVertical": 5,
              "padding": 10,
            }
          }
        >
          <Text
            style={
              [
                {
                  "flex": 1,
                  "fontSize": 16,
                },
                false,
              ]
            }
          >
            work
          </Text>
          <View
            accessibilityState={
              {
                "busy": undefined,
                "checked": undefined,
                "disabled": undefined,
                "expanded": undefined,
                "selected": undefined,
              }
            }
            accessibilityValue={
              {
                "max": undefined,
                "min": undefined,
                "now": undefined,
                "text": undefined,
              }
            }
            accessible={true}
            collapsable={false}
            focusable={true}
            onClick={[Function]}
            onResponderGrant={[Function]}
            onResponderMove={[Function]}
            onResponderRelease={[Function]}
            onResponderTerminate={[Function]}
            onResponderTerminationRequest={[Function]}
            onStartShouldSetResponder={[Function]}
            style={
              {
                "backgroundColor": "#007bff",
                "borderRadius": 4,
                "marginHorizontal": 5,
                "opacity": 1,
                "paddingHorizontal": 10,
                "paddingVertical": 5,
              }
            }
          >
            <Text
              style={
                [
                  {
                    "color": "#fff",
                    "fontWeight": "bold",
                  },
                  false,
                ]
              }
            >
              Complete
            </Text>
          </View>
          <View
            accessibilityState={
              {
                "busy": undefined,
                "checked": undefined,
                "disabled": undefined,
                "expanded": undefined,
                "selected": undefined,
              }
            }
            accessibilityValue={
              {
                "max": undefined,
                "min": undefined,
                "now": undefined,
                "text": undefined,
              }
            }
            accessible={true}
            collapsable={false}
            focusable={true}
            onClick={[Function]}
            onResponderGrant={[Function]}
            onResponderMove={[Function]}
            onResponderRelease={[Function]}
            onResponderTerminate={[Function]}
            onResponderTerminationRequest={[Function]}
            onStartShouldSetResponder={[Function]}
            style={
              {
                "backgroundColor": "#007bff",
                "borderRadius": 4,
                "marginHorizontal": 5,
                "opacity": 1,
                "paddingHorizontal": 10,
                "paddingVertical": 5,
              }
            }
          >
            <Text
              style={
                {
                  "color": "#fff",
                  "fontWeight": "bold",
                }
              }
            >
              Edit
            </Text>
          </View>
          <View
            accessibilityState={
              {
                "busy": undefined,
                "checked": undefined,
                "disabled": undefined,
                "expanded": undefined,
                "selected": undefined,
              }
            }
            accessibilityValue={
              {
                "max": undefined,
                "min": undefined,
                "now": undefined,
                "text": undefined,
              }
            }
            accessible={true}
            collapsable={false}
            focusable={true}
            onClick={[Function]}
            onResponderGrant={[Function]}
            onResponderMove={[Function]}
            onResponderRelease={[Function]}
            onResponderTerminate={[Function]}
            onResponderTerminationRequest={[Function]}
            onStartShouldSetResponder={[Function]}
            style={
              {
                "backgroundColor": "#007bff",
                "borderRadius": 4,
                "marginHorizontal": 5,
                "opacity": 1,
                "paddingHorizontal": 10,
                "paddingVertical": 5,
              }
            }
          >
            <Text
              style={
                {
                  "color": "#fff",
                  "fontWeight": "bold",
                }
              }
            >
              Delete
            </Text>
          </View>
        </View>
      </View>
      <View
        onFocusCapture={[Function]}
        onLayout={[Function]}
        style={null}
      >
        <View
          style={
            {
              "alignItems": "center",
              "backgroundColor": "#fff",
              "borderColor": "#ddd",
              "borderRadius": 8,
              "borderWidth": 1,
              "flexDirection": "row",
              "justifyContent": "space-between",
              "marginVertical": 5,
              "padding": 10,
            }
          }
        >
          <Text
            style={
              [
                {
                  "flex": 1,
                  "fontSize": 16,
                },
                false,
              ]
            }
          >
            study
          </Text>
          <View
            accessibilityState={
              {
                "busy": undefined,
                "checked": undefined,
                "disabled": undefined,
                "expanded": undefined,
                "selected": undefined,
              }
            }
            accessibilityValue={
              {
                "max": undefined,
                "min": undefined,
                "now": undefined,
                "text": undefined,
              }
            }
            accessible={true}
            collapsable={false}
            focusable={true}
            onClick={[Function]}
            onResponderGrant={[Function]}
            onResponderMove={[Function]}
            onResponderRelease={[Function]}
            onResponderTerminate={[Function]}
            onResponderTerminationRequest={[Function]}
            onStartShouldSetResponder={[Function]}
            style={
              {
                "backgroundColor": "#007bff",
                "borderRadius": 4,
                "marginHorizontal": 5,
                "opacity": 1,
                "paddingHorizontal": 10,
                "paddingVertical": 5,
              }
            }
          >
            <Text
              style={
                [
                  {
                    "color": "#fff",
                    "fontWeight": "bold",
                  },
                  false,
                ]
              }
            >
              Complete
            </Text>
          </View>
          <View
            accessibilityState={
              {
                "busy": undefined,
                "checked": undefined,
                "disabled": undefined,
                "expanded": undefined,
                "selected": undefined,
              }
            }
            accessibilityValue={
              {
                "max": undefined,
                "min": undefined,
                "now": undefined,
                "text": undefined,
              }
            }
            accessible={true}
            collapsable={false}
            focusable={true}
            onClick={[Function]}
            onResponderGrant={[Function]}
            onResponderMove={[Function]}
            onResponderRelease={[Function]}
            onResponderTerminate={[Function]}
            onResponderTerminationRequest={[Function]}
            onStartShouldSetResponder={[Function]}
            style={
              {
                "backgroundColor": "#007bff",
                "borderRadius": 4,
                "marginHorizontal": 5,
                "opacity": 1,
                "paddingHorizontal": 10,
                "paddingVertical": 5,
              }
            }
          >
            <Text
              style={
                {
                  "color": "#fff",
                  "fontWeight": "bold",
                }
              }
            >
              Edit
            </Text>
          </View>
          <View
            accessibilityState={
              {
                "busy": undefined,
                "checked": undefined,
                "disabled": undefined,
                "expanded": undefined,
                "selected": undefined,
              }
            }
            accessibilityValue={
              {
                "max": undefined,
                "min": undefined,
                "now": undefined,
                "text": undefined,
              }
            }
            accessible={true}
            collapsable={false}
            focusable={true}
            onClick={[Function]}
            onResponderGrant={[Function]}
            onResponderMove={[Function]}
            onResponderRelease={[Function]}
            onResponderTerminate={[Function]}
            onResponderTerminationRequest={[Function]}
            onStartShouldSetResponder={[Function]}
            style={
              {
                "backgroundColor": "#007bff",
                "borderRadius": 4,
                "marginHorizontal": 5,
                "opacity": 1,
                "paddingHorizontal": 10,
                "paddingVertical": 5,
              }
            }
          >
            <Text
              style={
                {
                  "color": "#fff",
                  "fontWeight": "bold",
                }
              }
            >
              Delete
            </Text>
          </View>
        </View>
      </View>
      <View
        onFocusCapture={[Function]}
        onLayout={[Function]}
        style={null}
      >
        <View
          style={
            {
              "alignItems": "center",
              "backgroundColor": "#fff",
              "borderColor": "#ddd",
              "borderRadius": 8,
              "borderWidth": 1,
              "flexDirection": "row",
              "justifyContent": "space-between",
              "marginVertical": 5,
              "padding": 10,
            }
          }
        >
          <Text
            style={
              [
                {
                  "flex": 1,
                  "fontSize": 16,
                },
                false,
              ]
            }
          >
            play
          </Text>
          <View
            accessibilityState={
              {
                "busy": undefined,
                "checked": undefined,
                "disabled": undefined,
                "expanded": undefined,
                "selected": undefined,
              }
            }
            accessibilityValue={
              {
                "max": undefined,
                "min": undefined,
                "now": undefined,
                "text": undefined,
              }
            }
            accessible={true}
            collapsable={false}
            focusable={true}
            onClick={[Function]}
            onResponderGrant={[Function]}
            onResponderMove={[Function]}
            onResponderRelease={[Function]}
            onResponderTerminate={[Function]}
            onResponderTerminationRequest={[Function]}
            onStartShouldSetResponder={[Function]}
            style={
              {
                "backgroundColor": "#007bff",
                "borderRadius": 4,
                "marginHorizontal": 5,
                "opacity": 1,
                "paddingHorizontal": 10,
                "paddingVertical": 5,
              }
            }
          >
            <Text
              style={
                [
                  {
                    "color": "#fff",
                    "fontWeight": "bold",
                  },
                  false,
                ]
              }
            >
              Complete
            </Text>
          </View>
          <View
            accessibilityState={
              {
                "busy": undefined,
                "checked": undefined,
                "disabled": undefined,
                "expanded": undefined,
                "selected": undefined,
              }
            }
            accessibilityValue={
              {
                "max": undefined,
                "min": undefined,
                "now": undefined,
                "text": undefined,
              }
            }
            accessible={true}
            collapsable={false}
            focusable={true}
            onClick={[Function]}
            onResponderGrant={[Function]}
            onResponderMove={[Function]}
            onResponderRelease={[Function]}
            onResponderTerminate={[Function]}
            onResponderTerminationRequest={[Function]}
            onStartShouldSetResponder={[Function]}
            style={
              {
                "backgroundColor": "#007bff",
                "borderRadius": 4,
                "marginHorizontal": 5,
                "opacity": 1,
                "paddingHorizontal": 10,
                "paddingVertical": 5,
              }
            }
          >
            <Text
              style={
                {
                  "color": "#fff",
                  "fontWeight": "bold",
                }
              }
            >
              Edit
            </Text>
          </View>
          <View
            accessibilityState={
              {
                "busy": undefined,
                "checked": undefined,
                "disabled": undefined,
                "expanded": undefined,
                "selected": undefined,
              }
            }
            accessibilityValue={
              {
                "max": undefined,
                "min": undefined,
                "now": undefined,
                "text": undefined,
              }
            }
            accessible={true}
            collapsable={false}
            focusable={true}
            onClick={[Function]}
            onResponderGrant={[Function]}
            onResponderMove={[Function]}
            onResponderRelease={[Function]}
            onResponderTerminate={[Function]}
            onResponderTerminationRequest={[Function]}
            onStartShouldSetResponder={[Function]}
            style={
              {
                "backgroundColor": "#007bff",
                "borderRadius": 4,
                "marginHorizontal": 5,
                "opacity": 1,
                "paddingHorizontal": 10,
                "paddingVertical": 5,
              }
            }
          >
            <Text
              style={
                {
                  "color": "#fff",
                  "fontWeight": "bold",
                }
              }
            >
              Delete
            </Text>
          </View>
        </View>
      </View>
      <View
        onFocusCapture={[Function]}
        onLayout={[Function]}
        style={null}
      >
        <View
          style={
            {
              "alignItems": "center",
              "backgroundColor": "#fff",
              "borderColor": "#ddd",
              "borderRadius": 8,
              "borderWidth": 1,
              "flexDirection": "row",
              "justifyContent": "space-between",
              "marginVertical": 5,
              "padding": 10,
            }
          }
        >
          <Text
            style={
              [
                {
                  "flex": 1,
                  "fontSize": 16,
                },
                false,
              ]
            }
          >
            sleep
          </Text>
          <View
            accessibilityState={
              {
                "busy": undefined,
                "checked": undefined,
                "disabled": undefined,
                "expanded": undefined,
                "selected": undefined,
              }
            }
            accessibilityValue={
              {
                "max": undefined,
                "min": undefined,
                "now": undefined,
                "text": undefined,
              }
            }
            accessible={true}
            collapsable={false}
            focusable={true}
            onClick={[Function]}
            onResponderGrant={[Function]}
            onResponderMove={[Function]}
            onResponderRelease={[Function]}
            onResponderTerminate={[Function]}
            onResponderTerminationRequest={[Function]}
            onStartShouldSetResponder={[Function]}
            style={
              {
                "backgroundColor": "#007bff",
                "borderRadius": 4,
                "marginHorizontal": 5,
                "opacity": 1,
                "paddingHorizontal": 10,
                "paddingVertical": 5,
              }
            }
          >
            <Text
              style={
                [
                  {
                    "color": "#fff",
                    "fontWeight": "bold",
                  },
                  false,
                ]
              }
            >
              Complete
            </Text>
          </View>
          <View
            accessibilityState={
              {
                "busy": undefined,
                "checked": undefined,
                "disabled": undefined,
                "expanded": undefined,
                "selected": undefined,
              }
            }
            accessibilityValue={
              {
                "max": undefined,
                "min": undefined,
                "now": undefined,
                "text": undefined,
              }
            }
            accessible={true}
            collapsable={false}
            focusable={true}
            onClick={[Function]}
            onResponderGrant={[Function]}
            onResponderMove={[Function]}
            onResponderRelease={[Function]}
            onResponderTerminate={[Function]}
            onResponderTerminationRequest={[Function]}
            onStartShouldSetResponder={[Function]}
            style={
              {
                "backgroundColor": "#007bff",
                "borderRadius": 4,
                "marginHorizontal": 5,
                "opacity": 1,
                "paddingHorizontal": 10,
                "paddingVertical": 5,
              }
            }
          >
            <Text
              style={
                {
                  "color": "#fff",
                  "fontWeight": "bold",
                }
              }
            >
              Edit
            </Text>
          </View>
          <View
            accessibilityState={
              {
                "busy": undefined,
                "checked": undefined,
                "disabled": undefined,
                "expanded": undefined,
                "selected": undefined,
              }
            }
            accessibilityValue={
              {
                "max": undefined,
                "min": undefined,
                "now": undefined,
                "text": undefined,
              }
            }
            accessible={true}
            collapsable={false}
            focusable={true}
            onClick={[Function]}
            onResponderGrant={[Function]}
            onResponderMove={[Function]}
            onResponderRelease={[Function]}
            onResponderTerminate={[Function]}
            onResponderTerminationRequest={[Function]}
            onStartShouldSetResponder={[Function]}
            style={
              {
                "backgroundColor": "#007bff",
                "borderRadius": 4,
                "marginHorizontal": 5,
                "opacity": 1,
                "paddingHorizontal": 10,
                "paddingVertical": 5,
              }
            }
          >
            <Text
              style={
                {
                  "color": "#fff",
                  "fontWeight": "bold",
                }
              }
            >
              Delete
            </Text>
          </View>
        </View>
      </View>
    </View>
  </RCTScrollView>
</View>
`;
